// Vitest Snapshot v1, https://vitest.dev/guide/snapshot.html

exports[`<MenuItems /> tests > Should match the snapshot with the available args 1`] = `
<div>
  <div
    class="group/sidebar-wrapper flex min-h-svh w-full has-data-[variant=inset]:bg-sidebar"
    data-slot="sidebar-wrapper"
    style="--sidebar-width: 18rem; --sidebar-width-icon: 3rem;"
  >
    <ul
      class="flex w-full min-w-0 flex-col gap-1"
      data-sidebar="menu"
      data-slot="sidebar-menu"
    >
      <li
        class="group/menu-item relative"
        data-sidebar="menu-item"
        data-slot="sidebar-menu-item"
      >
        <a
          class="peer/menu-button flex w-full items-center gap-2 overflow-hidden rounded-md p-2 text-left outline-hidden ring-sidebar-ring transition-[width,height,padding] active:bg-sidebar-accent active:text-sidebar-accent-foreground disabled:pointer-events-none disabled:opacity-50 group-has-data-[sidebar=menu-action]/menu-item:pr-8 aria-disabled:pointer-events-none aria-disabled:opacity-50 data-active:bg-sidebar-accent data-active:font-medium data-open:hover:bg-sidebar-accent data-open:hover:text-sidebar-accent-foreground data-active:text-sidebar-accent-foreground [&>span:last-child]:truncate group-data-[collapsible=icon]:size-8! [&_svg]:size-4 [&_svg]:shrink-0 group/menu-button hover:bg-sidebar-accent hover:text-sidebar-accent-foreground h-12 text-sm group-data-[collapsible=icon]:p-0! focus-visible:ring-primary focus-visible:ring-1"
          data-active="true"
          data-sidebar="menu-button"
          data-size="lg"
          data-slot="sidebar-menu-button"
          href="/home"
        >
          <span>
            Foo
          </span>
        </a>
      </li>
      <li
        class="group/menu-item relative"
        data-sidebar="menu-item"
        data-slot="sidebar-menu-item"
      >
        <a
          class="peer/menu-button flex w-full items-center gap-2 overflow-hidden rounded-md p-2 text-left outline-hidden ring-sidebar-ring transition-[width,height,padding] active:bg-sidebar-accent active:text-sidebar-accent-foreground disabled:pointer-events-none disabled:opacity-50 group-has-data-[sidebar=menu-action]/menu-item:pr-8 aria-disabled:pointer-events-none aria-disabled:opacity-50 data-active:bg-sidebar-accent data-active:font-medium data-open:hover:bg-sidebar-accent data-open:hover:text-sidebar-accent-foreground data-active:text-sidebar-accent-foreground [&>span:last-child]:truncate group-data-[collapsible=icon]:size-8! [&_svg]:size-4 [&_svg]:shrink-0 group/menu-button hover:bg-sidebar-accent hover:text-sidebar-accent-foreground h-12 text-sm group-data-[collapsible=icon]:p-0! focus-visible:ring-primary focus-visible:ring-1"
          data-active="false"
          data-sidebar="menu-button"
          data-size="lg"
          data-slot="sidebar-menu-button"
          href="/about"
        >
          <span>
            Bar
          </span>
        </a>
      </li>
    </ul>
  </div>
</div>
`;

exports[`<MenuItems /> tests > Should match the snapshot with the default args 1`] = `
<div>
  <div
    class="group/sidebar-wrapper flex min-h-svh w-full has-data-[variant=inset]:bg-sidebar"
    data-slot="sidebar-wrapper"
    style="--sidebar-width: 18rem; --sidebar-width-icon: 3rem;"
  >
    <ul
      class="flex w-full min-w-0 flex-col gap-1"
      data-sidebar="menu"
      data-slot="sidebar-menu"
    >
      <li
        class="group/menu-item relative"
        data-sidebar="menu-item"
        data-slot="sidebar-menu-item"
      >
        <a
          class="peer/menu-button flex w-full items-center gap-2 overflow-hidden rounded-md p-2 text-left outline-hidden ring-sidebar-ring transition-[width,height,padding] active:bg-sidebar-accent active:text-sidebar-accent-foreground disabled:pointer-events-none disabled:opacity-50 group-has-data-[sidebar=menu-action]/menu-item:pr-8 aria-disabled:pointer-events-none aria-disabled:opacity-50 data-active:bg-sidebar-accent data-active:font-medium data-open:hover:bg-sidebar-accent data-open:hover:text-sidebar-accent-foreground data-active:text-sidebar-accent-foreground [&>span:last-child]:truncate group-data-[collapsible=icon]:size-8! group-data-[collapsible=icon]:p-2! [&_svg]:size-4 [&_svg]:shrink-0 group/menu-button hover:bg-sidebar-accent hover:text-sidebar-accent-foreground h-8 text-sm focus-visible:ring-primary focus-visible:ring-1"
          data-active="true"
          data-sidebar="menu-button"
          data-size="default"
          data-slot="sidebar-menu-button"
          href="/home"
        >
          <span>
            Foo
          </span>
        </a>
      </li>
      <li
        class="group/menu-item relative"
        data-sidebar="menu-item"
        data-slot="sidebar-menu-item"
      >
        <a
          class="peer/menu-button flex w-full items-center gap-2 overflow-hidden rounded-md p-2 text-left outline-hidden ring-sidebar-ring transition-[width,height,padding] active:bg-sidebar-accent active:text-sidebar-accent-foreground disabled:pointer-events-none disabled:opacity-50 group-has-data-[sidebar=menu-action]/menu-item:pr-8 aria-disabled:pointer-events-none aria-disabled:opacity-50 data-active:bg-sidebar-accent data-active:font-medium data-open:hover:bg-sidebar-accent data-open:hover:text-sidebar-accent-foreground data-active:text-sidebar-accent-foreground [&>span:last-child]:truncate group-data-[collapsible=icon]:size-8! group-data-[collapsible=icon]:p-2! [&_svg]:size-4 [&_svg]:shrink-0 group/menu-button hover:bg-sidebar-accent hover:text-sidebar-accent-foreground h-8 text-sm focus-visible:ring-primary focus-visible:ring-1"
          data-active="false"
          data-sidebar="menu-button"
          data-size="default"
          data-slot="sidebar-menu-button"
          href="/about"
        >
          <span>
            Bar
          </span>
        </a>
      </li>
    </ul>
  </div>
</div>
`;
