// Vitest Snapshot v1, https://vitest.dev/guide/snapshot.html

exports[`<AppSidebar /> tests > Should match the snapshot 1`] = `
<div>
  <div
    class="group/sidebar-wrapper flex min-h-svh w-full has-[[data-variant=inset]]:bg-sidebar"
    style="--sidebar-width: 18rem; --sidebar-width-icon: 3rem;"
  >
    <div
      class="group peer hidden md:block text-sidebar-foreground"
      data-collapsible=""
      data-side="left"
      data-state="expanded"
      data-variant="floating"
    >
      <div
        class="duration-200 relative h-svh w-[--sidebar-width] bg-transparent transition-[width] ease-linear group-data-[collapsible=offcanvas]:w-0 group-data-[side=right]:rotate-180 group-data-[collapsible=icon]:w-[calc(var(--sidebar-width-icon)_+_theme(spacing.4))]"
      />
      <div
        class="duration-200 fixed inset-y-0 z-10 hidden h-svh w-[--sidebar-width] transition-[left,right,width] ease-linear md:flex left-0 group-data-[collapsible=offcanvas]:left-[calc(var(--sidebar-width)*-1)] p-2 group-data-[collapsible=icon]:w-[calc(var(--sidebar-width-icon)_+_theme(spacing.4)_+2px)]"
        role="navigation"
        tabindex="0"
      >
        <div
          class="flex h-full w-full flex-col bg-sidebar group-data-[variant=floating]:rounded-lg group-data-[variant=floating]:border group-data-[variant=floating]:border-sidebar-border group-data-[variant=floating]:shadow"
          data-sidebar="sidebar"
        >
          <div
            class="flex flex-col gap-2 p-2"
            data-sidebar="header"
          >
            <div
              class="flex flex-col place-items-center gap-y-2"
            >
              <picture
                class="mt-10 peer-data-[active=true]/menu-button:w-6 max-w-32 lg:w-auto"
              >
                <img
                  alt="José Miguel Duque"
                  class="object-cover rounded"
                  data-nimg="1"
                  decoding="async"
                  height="146"
                  src="/_next/image?url=%2Fstatic%2Fimg%2Favatar-small.webp&w=384&q=75"
                  srcset="/_next/image?url=%2Fstatic%2Fimg%2Favatar-small.webp&w=256&q=75 1x, /_next/image?url=%2Fstatic%2Fimg%2Favatar-small.webp&w=384&q=75 2x"
                  style="color: transparent;"
                  width="160"
                />
              </picture>
              <div
                class="text-center"
              >
                <span
                  class="relative w-[max-content] font-mono before:absolute before:inset-0 before:animate-typewriter before:opacity-80 after:absolute after:inset-0 after:w-[0.125em] after:animate-caret after:bg-primary  after:ml-0.5 font-light text-primary tracking-widest"
                >
                  @duquejo
                </span>
                <div
                  class="text-xl font-bold"
                >
                  José Duque
                </div>
                <div
                  class="font-light text-sm"
                >
                  User Role
                </div>
              </div>
              <div
                class="flex items-center justify-center gap-x-5 group-data-[collapsible=icon]:hidden"
              >
                <a
                  aria-label="GitHub"
                  class="focus-visible:ring-1 hover:text-primary"
                  href="https://github.com/duquejo"
                  target="_blank"
                  title="GitHub"
                >
                  <svg
                    class="lucide lucide-github"
                    fill="none"
                    height="18"
                    stroke="currentColor"
                    stroke-linecap="round"
                    stroke-linejoin="round"
                    stroke-width="2"
                    viewBox="0 0 24 24"
                    width="18"
                    xmlns="http://www.w3.org/2000/svg"
                  >
                    <path
                      d="M15 22v-4a4.8 4.8 0 0 0-1-3.5c3 0 6-2 6-5.5.08-1.25-.27-2.48-1-3.5.28-1.15.28-2.35 0-3.5 0 0-1 0-3 1.5-2.64-.5-5.36-.5-8 0C6 2 5 2 5 2c-.3 1.15-.3 2.35 0 3.5A5.403 5.403 0 0 0 4 9c0 3.5 3 5.5 6 5.5-.39.49-.68 1.05-.85 1.65-.17.6-.22 1.23-.15 1.85v4"
                    />
                    <path
                      d="M9 18c-4.51 2-5-2-7-2"
                    />
                  </svg>
                </a>
                <a
                  aria-label="LinkedIn"
                  class="focus-visible:ring-1 hover:text-primary"
                  href="https://www.linkedin.com/in/duquejo/"
                  target="_blank"
                  title="LinkedIn"
                >
                  <svg
                    class="lucide lucide-linkedin"
                    fill="none"
                    height="18"
                    stroke="currentColor"
                    stroke-linecap="round"
                    stroke-linejoin="round"
                    stroke-width="2"
                    viewBox="0 0 24 24"
                    width="18"
                    xmlns="http://www.w3.org/2000/svg"
                  >
                    <path
                      d="M16 8a6 6 0 0 1 6 6v7h-4v-7a2 2 0 0 0-2-2 2 2 0 0 0-2 2v7h-4v-7a6 6 0 0 1 6-6z"
                    />
                    <rect
                      height="12"
                      width="4"
                      x="2"
                      y="9"
                    />
                    <circle
                      cx="4"
                      cy="4"
                      r="2"
                    />
                  </svg>
                </a>
              </div>
            </div>
          </div>
          <div
            class="flex min-h-0 flex-1 flex-col gap-2 overflow-auto group-data-[collapsible=icon]:overflow-hidden justify-between"
            data-sidebar="content"
          >
            <div
              class="relative flex w-full min-w-0 flex-col p-2"
              data-sidebar="group"
            >
              <div
                class="duration-200 flex h-8 shrink-0 items-center rounded-md px-2 text-xs font-medium text-sidebar-foreground/70 outline-none ring-sidebar-ring transition-[margin,opa] ease-linear focus-visible:ring-2 [&>svg]:size-4 [&>svg]:shrink-0 group-data-[collapsible=icon]:-mt-8 group-data-[collapsible=icon]:opacity-0"
                data-sidebar="group-label"
              >
                Professional Links
              </div>
              <div
                class="w-full text-sm"
                data-sidebar="group-content"
              >
                <ul
                  class="flex w-full min-w-0 flex-col gap-1"
                  data-sidebar="menu"
                >
                  <ul
                    class="flex w-full min-w-0 flex-col gap-1"
                    data-sidebar="menu"
                  >
                    <li
                      class="group/menu-item relative"
                      data-sidebar="menu-item"
                    >
                      <a
                        class="peer/menu-button flex w-full items-center gap-2 overflow-hidden rounded-md p-2 text-left outline-none ring-sidebar-ring transition-[width,height,padding] active:bg-sidebar-accent active:text-sidebar-accent-foreground disabled:pointer-events-none disabled:opacity-50 group-has-[[data-sidebar=menu-action]]/menu-item:pr-8 aria-disabled:pointer-events-none aria-disabled:opacity-50 data-[active=true]:bg-sidebar-accent data-[active=true]:font-medium data-[active=true]:text-sidebar-accent-foreground data-[state=open]:hover:bg-sidebar-accent data-[state=open]:hover:text-sidebar-accent-foreground group-data-[collapsible=icon]:!size-8 group-data-[collapsible=icon]:!p-2 [&>span:last-child]:truncate [&>svg]:size-4 [&>svg]:shrink-0 hover:bg-sidebar-accent hover:text-sidebar-accent-foreground h-8 text-sm focus-visible:ring-primary focus-visible:ring-1"
                        data-active="true"
                        data-sidebar="menu-button"
                        data-size="default"
                        href="/home"
                      >
                        <span>
                          Home
                        </span>
                      </a>
                    </li>
                    <li
                      class="group/menu-item relative"
                      data-sidebar="menu-item"
                    >
                      <a
                        class="peer/menu-button flex w-full items-center gap-2 overflow-hidden rounded-md p-2 text-left outline-none ring-sidebar-ring transition-[width,height,padding] active:bg-sidebar-accent active:text-sidebar-accent-foreground disabled:pointer-events-none disabled:opacity-50 group-has-[[data-sidebar=menu-action]]/menu-item:pr-8 aria-disabled:pointer-events-none aria-disabled:opacity-50 data-[active=true]:bg-sidebar-accent data-[active=true]:font-medium data-[active=true]:text-sidebar-accent-foreground data-[state=open]:hover:bg-sidebar-accent data-[state=open]:hover:text-sidebar-accent-foreground group-data-[collapsible=icon]:!size-8 group-data-[collapsible=icon]:!p-2 [&>span:last-child]:truncate [&>svg]:size-4 [&>svg]:shrink-0 hover:bg-sidebar-accent hover:text-sidebar-accent-foreground h-8 text-sm focus-visible:ring-primary focus-visible:ring-1"
                        data-active="false"
                        data-sidebar="menu-button"
                        data-size="default"
                        href="/about"
                      >
                        <span>
                          About
                        </span>
                      </a>
                    </li>
                  </ul>
                </ul>
              </div>
            </div>
          </div>
          <div
            class="flex flex-col gap-2 p-2 sm:hidden"
            data-sidebar="footer"
          >
            <div
              class="shrink-0 h-[1px] mx-2 w-auto bg-sidebar-border"
              data-orientation="horizontal"
              data-sidebar="separator"
              role="none"
            />
            <div
              class="relative flex w-full min-w-0 flex-col p-2"
              data-sidebar="group"
            >
              <div
                class="duration-200 flex h-8 shrink-0 items-center rounded-md px-2 text-xs font-medium text-sidebar-foreground/70 outline-none ring-sidebar-ring transition-[margin,opa] ease-linear focus-visible:ring-2 [&>svg]:size-4 [&>svg]:shrink-0 group-data-[collapsible=icon]:-mt-8 group-data-[collapsible=icon]:opacity-0"
                data-sidebar="group-label"
              >
                Footer Mobile
              </div>
              <div
                class="w-full text-sm"
                data-sidebar="group-content"
              >
                <ul
                  class="flex w-full min-w-0 flex-col gap-1"
                  data-sidebar="menu"
                >
                  <li
                    class="group/menu-item relative"
                    data-sidebar="menu-item"
                  >
                    <div
                      role="complementary"
                    >
                      <div
                        class="flex flex-row gap-x-2"
                      >
                        <button
                          class="items-center justify-center gap-2 whitespace-nowrap rounded-md text-sm font-medium transition-colors focus-visible:outline-none focus-visible:ring-1 focus-visible:ring-ring disabled:pointer-events-none disabled:opacity-50 [&_svg]:pointer-events-none [&_svg]:size-4 [&_svg]:shrink-0 border border-input bg-background shadow-sm hover:bg-accent hover:text-accent-foreground h-8 w-8 lg:h-10 lg:w-10 hidden sm:flex"
                          data-sidebar="trigger"
                        >
                          <svg
                            class="lucide lucide-panel-left"
                            fill="none"
                            height="24"
                            stroke="currentColor"
                            stroke-linecap="round"
                            stroke-linejoin="round"
                            stroke-width="2"
                            viewBox="0 0 24 24"
                            width="24"
                            xmlns="http://www.w3.org/2000/svg"
                          >
                            <rect
                              height="18"
                              rx="2"
                              width="18"
                              x="3"
                              y="3"
                            />
                            <path
                              d="M9 3v18"
                            />
                          </svg>
                          <span
                            class="sr-only"
                          >
                            Toggle Sidebar
                          </span>
                        </button>
                        <button
                          aria-controls="radix-:r3:"
                          aria-expanded="false"
                          aria-haspopup="dialog"
                          class="inline-flex items-center justify-center gap-2 whitespace-nowrap rounded-md text-sm font-medium transition-colors focus-visible:outline-none focus-visible:ring-1 focus-visible:ring-ring disabled:pointer-events-none disabled:opacity-50 [&_svg]:pointer-events-none [&_svg]:size-4 [&_svg]:shrink-0 border border-input bg-background shadow-sm hover:bg-accent hover:text-accent-foreground h-8 w-8 lg:h-10 lg:w-10"
                          data-state="closed"
                          type="button"
                        >
                          <svg
                            class="lucide lucide-image-down h-8 w-8 lg:h-10 lg:w-10"
                            fill="none"
                            height="24"
                            stroke="currentColor"
                            stroke-linecap="round"
                            stroke-linejoin="round"
                            stroke-width="2"
                            viewBox="0 0 24 24"
                            width="24"
                            xmlns="http://www.w3.org/2000/svg"
                          >
                            <path
                              d="M10.3 21H5a2 2 0 0 1-2-2V5a2 2 0 0 1 2-2h14a2 2 0 0 1 2 2v10l-3.1-3.1a2 2 0 0 0-2.814.014L6 21"
                            />
                            <path
                              d="m14 19 3 3v-5.5"
                            />
                            <path
                              d="m17 22 3-3"
                            />
                            <circle
                              cx="9"
                              cy="9"
                              r="2"
                            />
                          </svg>
                          <span
                            class="sr-only"
                          />
                        </button>
                        <button
                          aria-expanded="false"
                          aria-haspopup="menu"
                          class="inline-flex items-center justify-center gap-2 whitespace-nowrap rounded-md text-sm font-medium transition-colors focus-visible:outline-none focus-visible:ring-1 focus-visible:ring-ring disabled:pointer-events-none disabled:opacity-50 [&_svg]:pointer-events-none [&_svg]:size-4 [&_svg]:shrink-0 border border-input bg-background shadow-sm hover:bg-accent hover:text-accent-foreground h-8 w-8 lg:h-10 lg:w-10"
                          data-state="closed"
                          id="radix-:r4:"
                          type="button"
                        >
                          <svg
                            class="lucide lucide-sun h-[1.2rem] w-[1.2rem] rotate-0 scale-100 transition-all dark:-rotate-90 dark:scale-0"
                            fill="none"
                            height="24"
                            stroke="currentColor"
                            stroke-linecap="round"
                            stroke-linejoin="round"
                            stroke-width="2"
                            viewBox="0 0 24 24"
                            width="24"
                            xmlns="http://www.w3.org/2000/svg"
                          >
                            <circle
                              cx="12"
                              cy="12"
                              r="4"
                            />
                            <path
                              d="M12 2v2"
                            />
                            <path
                              d="M12 20v2"
                            />
                            <path
                              d="m4.93 4.93 1.41 1.41"
                            />
                            <path
                              d="m17.66 17.66 1.41 1.41"
                            />
                            <path
                              d="M2 12h2"
                            />
                            <path
                              d="M20 12h2"
                            />
                            <path
                              d="m6.34 17.66-1.41 1.41"
                            />
                            <path
                              d="m19.07 4.93-1.41 1.41"
                            />
                          </svg>
                          <svg
                            class="lucide lucide-moon absolute h-[1.2rem] w-[1.2rem] rotate-90 scale-0 transition-all dark:rotate-0 dark:scale-100"
                            fill="none"
                            height="24"
                            stroke="currentColor"
                            stroke-linecap="round"
                            stroke-linejoin="round"
                            stroke-width="2"
                            viewBox="0 0 24 24"
                            width="24"
                            xmlns="http://www.w3.org/2000/svg"
                          >
                            <path
                              d="M12 3a6 6 0 0 0 9 9 9 9 0 1 1-9-9Z"
                            />
                          </svg>
                          <span
                            class="sr-only"
                          />
                        </button>
                        <button
                          aria-controls="radix-:r0:"
                          aria-expanded="false"
                          aria-haspopup="dialog"
                          class="items-center justify-center gap-2 whitespace-nowrap rounded-md text-sm font-medium transition-colors focus-visible:outline-none focus-visible:ring-1 focus-visible:ring-ring disabled:pointer-events-none disabled:opacity-50 [&_svg]:pointer-events-none [&_svg]:size-4 [&_svg]:shrink-0 border border-input bg-background shadow-sm hover:bg-accent hover:text-accent-foreground px-4 py-2 h-8 w-8 lg:h-10 lg:w-10 hidden sm:flex"
                          data-state="closed"
                          type="button"
                        >
                          <svg
                            class="lucide lucide-lightbulb"
                            fill="none"
                            height="24"
                            stroke="currentColor"
                            stroke-linecap="round"
                            stroke-linejoin="round"
                            stroke-width="2"
                            viewBox="0 0 24 24"
                            width="24"
                            xmlns="http://www.w3.org/2000/svg"
                          >
                            <path
                              d="M15 14c.2-1 .7-1.7 1.5-2.5 1-.9 1.5-2.2 1.5-3.5A6 6 0 0 0 6 8c0 1 .2 2.2 1.5 3.5.7.7 1.3 1.5 1.5 2.5"
                            />
                            <path
                              d="M9 18h6"
                            />
                            <path
                              d="M10 22h4"
                            />
                          </svg>
                          <span
                            class="sr-only"
                          />
                        </button>
                      </div>
                    </div>
                  </li>
                </ul>
              </div>
            </div>
          </div>
        </div>
      </div>
    </div>
  </div>
</div>
`;
