// Vitest Snapshot v1, https://vitest.dev/guide/snapshot.html

exports[`<AppSidebar /> tests > Should match the snapshot 1`] = `
<div>
  <div
    class="group/sidebar-wrapper flex min-h-svh w-full has-[[data-variant=inset]]:bg-sidebar"
    style="--sidebar-width: 18rem; --sidebar-width-icon: 3rem;"
  >
    <div
      class="group peer hidden md:block text-sidebar-foreground"
      data-collapsible=""
      data-side="left"
      data-state="expanded"
      data-variant="floating"
    >
      <div
        class="duration-200 relative h-svh w-[--sidebar-width] bg-transparent transition-[width] ease-linear group-data-[collapsible=offcanvas]:w-0 group-data-[side=right]:rotate-180 group-data-[collapsible=icon]:w-[calc(var(--sidebar-width-icon)_+_theme(spacing.4))]"
      />
      <div
        class="duration-200 fixed inset-y-0 z-10 hidden h-svh w-[--sidebar-width] transition-[left,right,width] ease-linear md:flex left-0 group-data-[collapsible=offcanvas]:left-[calc(var(--sidebar-width)*-1)] p-2 group-data-[collapsible=icon]:w-[calc(var(--sidebar-width-icon)_+_theme(spacing.4)_+2px)]"
        role="navigation"
        tabindex="0"
      >
        <div
          class="flex h-full w-full flex-col bg-sidebar group-data-[variant=floating]:rounded-lg group-data-[variant=floating]:border group-data-[variant=floating]:border-sidebar-border group-data-[variant=floating]:shadow"
          data-sidebar="sidebar"
        >
          <div
            class="flex flex-col gap-2 p-2"
            data-sidebar="header"
          >
            <div
              class="flex flex-col place-items-center gap-y-2"
            >
              <picture
                class="mt-10 peer-data-[active=true]/menu-button:w-6 max-w-32 lg:w-auto"
              >
                <img
                  alt="José Miguel Duque"
                  class="object-cover rounded"
                  data-nimg="1"
                  decoding="async"
                  height="146"
                  src="/_next/image?url=%2Fstatic%2Fimg%2Favatar-small.webp&w=384&q=75"
                  srcset="/_next/image?url=%2Fstatic%2Fimg%2Favatar-small.webp&w=256&q=75 1x, /_next/image?url=%2Fstatic%2Fimg%2Favatar-small.webp&w=384&q=75 2x"
                  style="color: transparent;"
                  width="160"
                />
              </picture>
              <div
                class="text-center"
              >
                <span
                  class="relative w-[max-content] font-mono before:absolute before:inset-0 before:animate-typewriter before:opacity-80 after:absolute after:inset-0 after:w-[0.125em] after:animate-caret after:bg-primary  after:ml-0.5 font-light text-base text-primary"
                >
                  @duquejo
                </span>
                <div
                  class="text-xl font-bold"
                >
                  José Duque
                </div>
                <div
                  class="font-light text-sm"
                >
                  User Role
                </div>
              </div>
            </div>
          </div>
          <div
            class="flex min-h-0 flex-1 flex-col gap-2 overflow-auto group-data-[collapsible=icon]:overflow-hidden justify-between"
            data-sidebar="content"
          >
            <div>
              <div
                class="relative flex w-full min-w-0 flex-col p-2"
                data-sidebar="group"
              >
                <div
                  class="duration-200 flex h-8 shrink-0 items-center rounded-md px-2 text-xs font-medium text-sidebar-foreground/70 outline-none ring-sidebar-ring transition-[margin,opa] ease-linear focus-visible:ring-2 [&>svg]:size-4 [&>svg]:shrink-0 group-data-[collapsible=icon]:-mt-8 group-data-[collapsible=icon]:opacity-0"
                  data-sidebar="group-label"
                >
                  Professional Links
                </div>
                <div
                  class="w-full text-sm"
                  data-sidebar="group-content"
                >
                  <ul
                    class="flex w-full min-w-0 flex-col gap-1"
                    data-sidebar="menu"
                  >
                    <ul
                      class="flex w-full min-w-0 flex-col gap-1"
                      data-sidebar="menu"
                    >
                      <li
                        class="group/menu-item relative"
                        data-sidebar="menu-item"
                      >
                        <a
                          class="peer/menu-button flex w-full items-center gap-2 overflow-hidden rounded-md p-2 text-left outline-none ring-sidebar-ring transition-[width,height,padding] active:bg-sidebar-accent active:text-sidebar-accent-foreground disabled:pointer-events-none disabled:opacity-50 group-has-[[data-sidebar=menu-action]]/menu-item:pr-8 aria-disabled:pointer-events-none aria-disabled:opacity-50 data-[active=true]:bg-sidebar-accent data-[active=true]:font-medium data-[active=true]:text-sidebar-accent-foreground data-[state=open]:hover:bg-sidebar-accent data-[state=open]:hover:text-sidebar-accent-foreground group-data-[collapsible=icon]:!size-8 group-data-[collapsible=icon]:!p-2 [&>span:last-child]:truncate [&>svg]:size-4 [&>svg]:shrink-0 hover:bg-sidebar-accent hover:text-sidebar-accent-foreground h-8 text-sm focus-visible:ring-primary focus-visible:ring-1"
                          data-active="true"
                          data-sidebar="menu-button"
                          data-size="default"
                          href="/home"
                        >
                          <span>
                            Home
                          </span>
                        </a>
                      </li>
                      <li
                        class="group/menu-item relative"
                        data-sidebar="menu-item"
                      >
                        <a
                          class="peer/menu-button flex w-full items-center gap-2 overflow-hidden rounded-md p-2 text-left outline-none ring-sidebar-ring transition-[width,height,padding] active:bg-sidebar-accent active:text-sidebar-accent-foreground disabled:pointer-events-none disabled:opacity-50 group-has-[[data-sidebar=menu-action]]/menu-item:pr-8 aria-disabled:pointer-events-none aria-disabled:opacity-50 data-[active=true]:bg-sidebar-accent data-[active=true]:font-medium data-[active=true]:text-sidebar-accent-foreground data-[state=open]:hover:bg-sidebar-accent data-[state=open]:hover:text-sidebar-accent-foreground group-data-[collapsible=icon]:!size-8 group-data-[collapsible=icon]:!p-2 [&>span:last-child]:truncate [&>svg]:size-4 [&>svg]:shrink-0 hover:bg-sidebar-accent hover:text-sidebar-accent-foreground h-8 text-sm focus-visible:ring-primary focus-visible:ring-1"
                          data-active="false"
                          data-sidebar="menu-button"
                          data-size="default"
                          href="/about"
                        >
                          <span>
                            About
                          </span>
                        </a>
                      </li>
                    </ul>
                  </ul>
                </div>
              </div>
              <div
                class="relative flex w-full min-w-0 flex-col p-2"
                data-sidebar="group"
              >
                <div
                  class="duration-200 flex h-8 shrink-0 items-center rounded-md px-2 text-xs font-medium text-sidebar-foreground/70 outline-none ring-sidebar-ring transition-[margin,opa] ease-linear focus-visible:ring-2 [&>svg]:size-4 [&>svg]:shrink-0 group-data-[collapsible=icon]:-mt-8 group-data-[collapsible=icon]:opacity-0"
                  data-sidebar="group-label"
                >
                  Hobbies
                </div>
                <div
                  class="w-full text-sm"
                  data-sidebar="group-content"
                >
                  <ul
                    class="flex w-full min-w-0 flex-col gap-1"
                    data-sidebar="menu"
                  >
                    <ul
                      class="flex w-full min-w-0 flex-col gap-1"
                      data-sidebar="menu"
                    >
                      <li
                        class="group/menu-item relative"
                        data-sidebar="menu-item"
                      >
                        <a
                          class="peer/menu-button flex w-full items-center gap-2 overflow-hidden rounded-md p-2 text-left outline-none ring-sidebar-ring transition-[width,height,padding] active:bg-sidebar-accent active:text-sidebar-accent-foreground disabled:pointer-events-none disabled:opacity-50 group-has-[[data-sidebar=menu-action]]/menu-item:pr-8 aria-disabled:pointer-events-none aria-disabled:opacity-50 data-[active=true]:bg-sidebar-accent data-[active=true]:font-medium data-[active=true]:text-sidebar-accent-foreground data-[state=open]:hover:bg-sidebar-accent data-[state=open]:hover:text-sidebar-accent-foreground group-data-[collapsible=icon]:!size-8 group-data-[collapsible=icon]:!p-2 [&>span:last-child]:truncate [&>svg]:size-4 [&>svg]:shrink-0 hover:bg-sidebar-accent hover:text-sidebar-accent-foreground h-8 text-sm focus-visible:ring-primary focus-visible:ring-1"
                          data-active="false"
                          data-sidebar="menu-button"
                          data-size="default"
                          href="/reading"
                        >
                          <span>
                            Reading
                          </span>
                        </a>
                      </li>
                      <li
                        class="group/menu-item relative"
                        data-sidebar="menu-item"
                      >
                        <a
                          class="peer/menu-button flex w-full items-center gap-2 overflow-hidden rounded-md p-2 text-left outline-none ring-sidebar-ring transition-[width,height,padding] active:bg-sidebar-accent active:text-sidebar-accent-foreground disabled:pointer-events-none disabled:opacity-50 group-has-[[data-sidebar=menu-action]]/menu-item:pr-8 aria-disabled:pointer-events-none aria-disabled:opacity-50 data-[active=true]:bg-sidebar-accent data-[active=true]:font-medium data-[active=true]:text-sidebar-accent-foreground data-[state=open]:hover:bg-sidebar-accent data-[state=open]:hover:text-sidebar-accent-foreground group-data-[collapsible=icon]:!size-8 group-data-[collapsible=icon]:!p-2 [&>span:last-child]:truncate [&>svg]:size-4 [&>svg]:shrink-0 hover:bg-sidebar-accent hover:text-sidebar-accent-foreground h-8 text-sm focus-visible:ring-primary focus-visible:ring-1"
                          data-active="false"
                          data-sidebar="menu-button"
                          data-size="default"
                          href="/gaming"
                        >
                          <span>
                            Gaming
                          </span>
                        </a>
                      </li>
                    </ul>
                  </ul>
                </div>
              </div>
            </div>
            <div>
              <div
                class="shrink-0 h-[1px] mx-2 w-auto bg-sidebar-border"
                data-orientation="horizontal"
                data-sidebar="separator"
                role="none"
              />
              <div
                class="relative flex w-full min-w-0 flex-col p-2"
                data-sidebar="group"
              >
                <div
                  class="w-full text-sm"
                  data-sidebar="group-content"
                >
                  <ul
                    class="flex w-full min-w-0 flex-col gap-1"
                    data-sidebar="menu"
                  >
                    <ul
                      class="flex w-full min-w-0 flex-col gap-1"
                      data-sidebar="menu"
                    >
                      <li
                        class="group/menu-item relative"
                        data-sidebar="menu-item"
                      >
                        <a
                          class="peer/menu-button flex w-full items-center gap-2 overflow-hidden rounded-md p-2 text-left outline-none ring-sidebar-ring transition-[width,height,padding] active:bg-sidebar-accent active:text-sidebar-accent-foreground disabled:pointer-events-none disabled:opacity-50 group-has-[[data-sidebar=menu-action]]/menu-item:pr-8 aria-disabled:pointer-events-none aria-disabled:opacity-50 data-[active=true]:bg-sidebar-accent data-[active=true]:font-medium data-[active=true]:text-sidebar-accent-foreground data-[state=open]:hover:bg-sidebar-accent data-[state=open]:hover:text-sidebar-accent-foreground group-data-[collapsible=icon]:!size-8 group-data-[collapsible=icon]:!p-2 [&>span:last-child]:truncate [&>svg]:size-4 [&>svg]:shrink-0 hover:bg-sidebar-accent hover:text-sidebar-accent-foreground h-7 text-xs focus-visible:ring-primary focus-visible:ring-1"
                          data-active="false"
                          data-sidebar="menu-button"
                          data-size="sm"
                          href="/contact"
                        >
                          <span>
                            Contact
                          </span>
                        </a>
                      </li>
                    </ul>
                  </ul>
                </div>
              </div>
            </div>
          </div>
        </div>
      </div>
    </div>
  </div>
</div>
`;
