// Vitest Snapshot v1, https://vitest.dev/guide/snapshot.html

exports[`<BlogAuthor /> tests > should match the snapshot 1`] = `
<div>
  <div
    class="flex items-center gap-3 mb-6 animate-entrance duration-100 justify-center md:justify-start"
  >
    <span
      class="relative flex shrink-0 overflow-hidden rounded-full h-12 w-12"
    >
      <span
        class="flex h-full w-full items-center justify-center rounded-full bg-muted"
      >
        JD
      </span>
    </span>
    <div>
      <div
        class="font-semibold text-sm"
      >
        José Duque
      </div>
      <div
        class="flex-none md:flex items-center gap-3 text-xs text-muted-foreground"
      >
        <div
          class="flex items-center gap-1"
        >
          <svg
            aria-hidden="true"
            class="lucide lucide-calendar"
            fill="none"
            height="12"
            stroke="currentColor"
            stroke-linecap="round"
            stroke-linejoin="round"
            stroke-width="2"
            viewBox="0 0 24 24"
            width="12"
            xmlns="http://www.w3.org/2000/svg"
          >
            <path
              d="M8 2v4"
            />
            <path
              d="M16 2v4"
            />
            <rect
              height="18"
              rx="2"
              width="18"
              x="3"
              y="4"
            />
            <path
              d="M3 10h18"
            />
          </svg>
          <span>
            31/12/2024, 7:00:00 p. m.
          </span>
        </div>
        <div
          class="flex items-center gap-1"
        >
          <svg
            aria-hidden="true"
            class="lucide lucide-clock"
            fill="none"
            height="12"
            stroke="currentColor"
            stroke-linecap="round"
            stroke-linejoin="round"
            stroke-width="2"
            viewBox="0 0 24 24"
            width="12"
            xmlns="http://www.w3.org/2000/svg"
          >
            <path
              d="M12 6v6l4 2"
            />
            <circle
              cx="12"
              cy="12"
              r="10"
            />
          </svg>
          <time>
            5 min read
          </time>
        </div>
      </div>
    </div>
  </div>
</div>
`;
