// Vitest Snapshot v1, https://vitest.dev/guide/snapshot.html

exports[`<ExperienceItemContent /> tests > Should match the snapshot with the available args - >1 resume items 1`] = `
<div>
  <div
    class="flex flex-col lg:flex-row"
  >
    <div
      class="flex flex-col order-2 lg:order-1 justify-between items-baseline basis-8/12"
    >
      <div
        class="flex-auto"
      >
        <span
          class="font-semibold text-base"
        >
          Mocked title
        </span>
        <ol
          class="list-disc ml-4 text-justify marker:text-secondary"
        >
          <li
            class="my-1 text-xs text-justify leading-normal"
          >
            foo
          </li>
          <li
            class="my-1 text-xs text-justify leading-normal"
          >
            bar
          </li>
          <li
            class="my-1 text-xs text-justify leading-normal"
          >
            baz
          </li>
        </ol>
      </div>
      <a
        class="inline-flex items-center justify-center gap-2 whitespace-nowrap font-medium transition-colors focus-visible:outline-none focus-visible:ring-1 focus-visible:ring-ring disabled:pointer-events-none disabled:opacity-50 [&_svg]:pointer-events-none [&_svg]:size-4 [&_svg]:shrink-0 bg-secondary text-secondary-foreground shadow-sm hover:bg-secondary/80 h-8 rounded-md px-3 text-xs mt-5 lg:flex-shrink lg:w-auto w-full"
        href="https://foo.bar"
        rel="noopener noreferrer nofollow"
        target="_blank"
      >
        Mocked button
      </a>
    </div>
    <picture
      class="order-1 lg:order-2 flex flex-grow flex-col items-center px-0 mb-5 pt-0 lg:px-4 lg:pt-8 lg:mb-0"
    >
      <img
        alt="Image"
        class="rounded object-cover shadow-lg w-auto lg:max-w-xs"
        data-nimg="1"
        decoding="async"
        height="150"
        loading="lazy"
        src="/_next/image?url=%2Ffoo%2Fbar.webp&w=640&q=75"
        srcset="/_next/image?url=%2Ffoo%2Fbar.webp&w=384&q=75 1x, /_next/image?url=%2Ffoo%2Fbar.webp&w=640&q=75 2x"
        style="color: transparent;"
        width="300"
      />
    </picture>
  </div>
</div>
`;

exports[`<ExperienceItemContent /> tests > Should match the snapshot with the default args 1`] = `
<div>
  <div
    class="flex flex-col lg:flex-row"
  />
</div>
`;
