// Vitest Snapshot v1, https://vitest.dev/guide/snapshot.html

exports[`<PdfForm /> tests > should match the snapshot 1`] = `
<div>
  <form
    aria-describedby="form-description"
    aria-labelledby="form-title"
    class="flex flex-col"
  >
    <div
      class="shrink-0 bg-border h-[1px] w-full mt-2 mb-3"
      data-orientation="horizontal"
      role="none"
    />
    <button
      class="inline-flex items-center justify-center gap-2 whitespace-nowrap font-medium transition-colors focus-visible:outline-hidden focus-visible:ring-1 focus-visible:ring-ring disabled:pointer-events-none disabled:opacity-50 [&_svg]:pointer-events-none [&_svg]:size-4 [&_svg]:shrink-0 bg-primary text-primary-foreground shadow-sm hover:bg-primary/90 h-8 rounded-md px-3 text-xs cursor-pointer disabled:cursor-not-allowed"
      type="submit"
    >
      Mocked button
    </button>
  </form>
</div>
`;
