// Vitest Snapshot v1, https://vitest.dev/guide/snapshot.html

exports[`<Footer /> tests > Should match the snapshot 1`] = `
<div>
  <footer
    class="flex items-center justify-center gap-x-5 py-3 fixed bottom-0 w-full bg-sidebar sm:bg-transparent sm:relative"
  >
    <div
      class="flex items-center justify-center gap-x-5"
    >
      <a
        aria-label="GitHub"
        class="focus-visible:ring-1 hover:text-primary"
        href="https://github.com/duquejo"
        target="_blank"
        title="GitHub"
      >
        <svg
          aria-hidden="true"
          class="lucide lucide-github"
          fill="none"
          height="23"
          stroke="currentColor"
          stroke-linecap="round"
          stroke-linejoin="round"
          stroke-width="2"
          viewBox="0 0 24 24"
          width="23"
          xmlns="http://www.w3.org/2000/svg"
        >
          <path
            d="M15 22v-4a4.8 4.8 0 0 0-1-3.5c3 0 6-2 6-5.5.08-1.25-.27-2.48-1-3.5.28-1.15.28-2.35 0-3.5 0 0-1 0-3 1.5-2.64-.5-5.36-.5-8 0C6 2 5 2 5 2c-.3 1.15-.3 2.35 0 3.5A5.403 5.403 0 0 0 4 9c0 3.5 3 5.5 6 5.5-.39.49-.68 1.05-.85 1.65-.17.6-.22 1.23-.15 1.85v4"
          />
          <path
            d="M9 18c-4.51 2-5-2-7-2"
          />
        </svg>
      </a>
      <a
        aria-label="LinkedIn"
        class="focus-visible:ring-1 hover:text-primary"
        href="https://www.linkedin.com/in/duquejo/"
        target="_blank"
        title="LinkedIn"
      >
        <svg
          aria-hidden="true"
          class="lucide lucide-linkedin"
          fill="none"
          height="23"
          stroke="currentColor"
          stroke-linecap="round"
          stroke-linejoin="round"
          stroke-width="2"
          viewBox="0 0 24 24"
          width="23"
          xmlns="http://www.w3.org/2000/svg"
        >
          <path
            d="M16 8a6 6 0 0 1 6 6v7h-4v-7a2 2 0 0 0-2-2 2 2 0 0 0-2 2v7h-4v-7a6 6 0 0 1 6-6z"
          />
          <rect
            height="12"
            width="4"
            x="2"
            y="9"
          />
          <circle
            cx="4"
            cy="4"
            r="2"
          />
        </svg>
      </a>
      <a
        aria-label="E-mail"
        class="focus-visible:ring-1 hover:text-primary"
        href="mailto:contact@duquejo.com"
        target="_blank"
        title="E-mail"
      >
        <svg
          aria-hidden="true"
          class="lucide lucide-mail"
          fill="none"
          height="23"
          stroke="currentColor"
          stroke-linecap="round"
          stroke-linejoin="round"
          stroke-width="2"
          viewBox="0 0 24 24"
          width="23"
          xmlns="http://www.w3.org/2000/svg"
        >
          <path
            d="m22 7-8.991 5.727a2 2 0 0 1-2.009 0L2 7"
          />
          <rect
            height="16"
            rx="2"
            width="20"
            x="2"
            y="4"
          />
        </svg>
      </a>
    </div>
    <span
      class="border-l pl-5 font-semibold text-xs"
    >
      © 1992 José Duque
    </span>
  </footer>
</div>
`;
